This is a test log entry.
